// Jest Snapshot v1, https://goo.gl/fbAQLP

exports[`Watchlist component should match the snapshot 1`] = `
ShallowWrapper {
  Symbol(enzyme.__root__): [Circular],
  Symbol(enzyme.__unrendered__): <Watchlist
    watchlist={
        Array [
            Object {
              "agency": "WME",
              "id": 4,
              "image_url": "https://i.scdn.co/image/021f014a6809e5b7f1ef1c18bf247fd9ccacb193",
              "name": "Alesso",
              "popularity": 81,
              "songkick_id": 4329851,
              "spotify_followers": 2296228,
              "spotify_id": "4AVFqumd2ogHFlRbKIjp1t",
              "spotify_url": "https://open.spotify.com/artist/4AVFqumd2ogHFlRbKIjp1t",
            },
            Object {
              "agency": "WME",
              "id": 18,
              "image_url": "https://i.scdn.co/image/8c0fbe0fb1c86825adeb18bf0a019a22827c4422",
              "name": "Booka Shade",
              "popularity": 51,
              "songkick_id": 295932,
              "spotify_followers": 113010,
              "spotify_id": "2CKaDZ1Yo8YnWega9IeUzB",
              "spotify_url": "https://open.spotify.com/artist/2CKaDZ1Yo8YnWega9IeUzB",
            },
            Object {
              "agency": "WME",
              "id": 23,
              "image_url": "https://i.scdn.co/image/1cbc13e4131461d8631d527c955ba83dddde099d",
              "name": "Chuckie",
              "popularity": 51,
              "songkick_id": 937055,
              "spotify_followers": 100998,
              "spotify_id": "4x7gxsrTH3gThvSKZPPwaQ",
              "spotify_url": "https://open.spotify.com/artist/4x7gxsrTH3gThvSKZPPwaQ",
            },
          ]
    }
/>,
  Symbol(enzyme.__renderer__): Object {
    "batchedUpdates": [Function],
    "getNode": [Function],
    "render": [Function],
    "simulateError": [Function],
    "simulateEvent": [Function],
    "unmount": [Function],
  },
  Symbol(enzyme.__node__): Object {
    "instance": null,
    "key": undefined,
    "nodeType": "host",
    "props": Object {
      "children": Array [
        <h2>
          Watchlist
</h2>,
        <div
          className="recent-table-headings"
>
          <h3>
                    Image
          </h3>
          <h3>
                    Artist
          </h3>
          <h3>
                    Agency
          </h3>
          <h3>
                    Popularity
          </h3>
</div>,
        <div
          className="offers-container"
>
          <div
                    className="table-row"
          >
                    <img
                              alt="artist"
                              className="artist-image"
                              src="https://i.scdn.co/image/021f014a6809e5b7f1ef1c18bf247fd9ccacb193"
                    />
                    <h3>
                              Alesso
                    </h3>
                    <h3>
                              WME
                    </h3>
                    <h3>
                              81
                    </h3>
          </div>
          <div
                    className="table-row"
          >
                    <img
                              alt="artist"
                              className="artist-image"
                              src="https://i.scdn.co/image/8c0fbe0fb1c86825adeb18bf0a019a22827c4422"
                    />
                    <h3>
                              Booka Shade
                    </h3>
                    <h3>
                              WME
                    </h3>
                    <h3>
                              51
                    </h3>
          </div>
          <div
                    className="table-row"
          >
                    <img
                              alt="artist"
                              className="artist-image"
                              src="https://i.scdn.co/image/1cbc13e4131461d8631d527c955ba83dddde099d"
                    />
                    <h3>
                              Chuckie
                    </h3>
                    <h3>
                              WME
                    </h3>
                    <h3>
                              51
                    </h3>
          </div>
</div>,
      ],
      "className": "watchlist",
    },
    "ref": null,
    "rendered": Array [
      Object {
        "instance": null,
        "key": undefined,
        "nodeType": "host",
        "props": Object {
          "children": "Watchlist",
        },
        "ref": null,
        "rendered": "Watchlist",
        "type": "h2",
      },
      Object {
        "instance": null,
        "key": undefined,
        "nodeType": "host",
        "props": Object {
          "children": Array [
            <h3>
              Image
</h3>,
            <h3>
              Artist
</h3>,
            <h3>
              Agency
</h3>,
            <h3>
              Popularity
</h3>,
          ],
          "className": "recent-table-headings",
        },
        "ref": null,
        "rendered": Array [
          Object {
            "instance": null,
            "key": undefined,
            "nodeType": "host",
            "props": Object {
              "children": "Image",
            },
            "ref": null,
            "rendered": "Image",
            "type": "h3",
          },
          Object {
            "instance": null,
            "key": undefined,
            "nodeType": "host",
            "props": Object {
              "children": "Artist",
            },
            "ref": null,
            "rendered": "Artist",
            "type": "h3",
          },
          Object {
            "instance": null,
            "key": undefined,
            "nodeType": "host",
            "props": Object {
              "children": "Agency",
            },
            "ref": null,
            "rendered": "Agency",
            "type": "h3",
          },
          Object {
            "instance": null,
            "key": undefined,
            "nodeType": "host",
            "props": Object {
              "children": "Popularity",
            },
            "ref": null,
            "rendered": "Popularity",
            "type": "h3",
          },
        ],
        "type": "div",
      },
      Object {
        "instance": null,
        "key": undefined,
        "nodeType": "host",
        "props": Object {
          "children": Array [
            <div
              className="table-row"
>
              <img
                            alt="artist"
                            className="artist-image"
                            src="https://i.scdn.co/image/021f014a6809e5b7f1ef1c18bf247fd9ccacb193"
              />
              <h3>
                            Alesso
              </h3>
              <h3>
                            WME
              </h3>
              <h3>
                            81
              </h3>
</div>,
            <div
              className="table-row"
>
              <img
                            alt="artist"
                            className="artist-image"
                            src="https://i.scdn.co/image/8c0fbe0fb1c86825adeb18bf0a019a22827c4422"
              />
              <h3>
                            Booka Shade
              </h3>
              <h3>
                            WME
              </h3>
              <h3>
                            51
              </h3>
</div>,
            <div
              className="table-row"
>
              <img
                            alt="artist"
                            className="artist-image"
                            src="https://i.scdn.co/image/1cbc13e4131461d8631d527c955ba83dddde099d"
              />
              <h3>
                            Chuckie
              </h3>
              <h3>
                            WME
              </h3>
              <h3>
                            51
              </h3>
</div>,
          ],
          "className": "offers-container",
        },
        "ref": null,
        "rendered": Array [
          Object {
            "instance": null,
            "key": "4",
            "nodeType": "host",
            "props": Object {
              "children": Array [
                <img
                  alt="artist"
                  className="artist-image"
                  src="https://i.scdn.co/image/021f014a6809e5b7f1ef1c18bf247fd9ccacb193"
/>,
                <h3>
                  Alesso
</h3>,
                <h3>
                  WME
</h3>,
                <h3>
                  81
</h3>,
              ],
              "className": "table-row",
            },
            "ref": null,
            "rendered": Array [
              Object {
                "instance": null,
                "key": undefined,
                "nodeType": "host",
                "props": Object {
                  "alt": "artist",
                  "className": "artist-image",
                  "src": "https://i.scdn.co/image/021f014a6809e5b7f1ef1c18bf247fd9ccacb193",
                },
                "ref": null,
                "rendered": null,
                "type": "img",
              },
              Object {
                "instance": null,
                "key": undefined,
                "nodeType": "host",
                "props": Object {
                  "children": "Alesso",
                },
                "ref": null,
                "rendered": "Alesso",
                "type": "h3",
              },
              Object {
                "instance": null,
                "key": undefined,
                "nodeType": "host",
                "props": Object {
                  "children": "WME",
                },
                "ref": null,
                "rendered": "WME",
                "type": "h3",
              },
              Object {
                "instance": null,
                "key": undefined,
                "nodeType": "host",
                "props": Object {
                  "children": 81,
                },
                "ref": null,
                "rendered": 81,
                "type": "h3",
              },
            ],
            "type": "div",
          },
          Object {
            "instance": null,
            "key": "18",
            "nodeType": "host",
            "props": Object {
              "children": Array [
                <img
                  alt="artist"
                  className="artist-image"
                  src="https://i.scdn.co/image/8c0fbe0fb1c86825adeb18bf0a019a22827c4422"
/>,
                <h3>
                  Booka Shade
</h3>,
                <h3>
                  WME
</h3>,
                <h3>
                  51
</h3>,
              ],
              "className": "table-row",
            },
            "ref": null,
            "rendered": Array [
              Object {
                "instance": null,
                "key": undefined,
                "nodeType": "host",
                "props": Object {
                  "alt": "artist",
                  "className": "artist-image",
                  "src": "https://i.scdn.co/image/8c0fbe0fb1c86825adeb18bf0a019a22827c4422",
                },
                "ref": null,
                "rendered": null,
                "type": "img",
              },
              Object {
                "instance": null,
                "key": undefined,
                "nodeType": "host",
                "props": Object {
                  "children": "Booka Shade",
                },
                "ref": null,
                "rendered": "Booka Shade",
                "type": "h3",
              },
              Object {
                "instance": null,
                "key": undefined,
                "nodeType": "host",
                "props": Object {
                  "children": "WME",
                },
                "ref": null,
                "rendered": "WME",
                "type": "h3",
              },
              Object {
                "instance": null,
                "key": undefined,
                "nodeType": "host",
                "props": Object {
                  "children": 51,
                },
                "ref": null,
                "rendered": 51,
                "type": "h3",
              },
            ],
            "type": "div",
          },
          Object {
            "instance": null,
            "key": "23",
            "nodeType": "host",
            "props": Object {
              "children": Array [
                <img
                  alt="artist"
                  className="artist-image"
                  src="https://i.scdn.co/image/1cbc13e4131461d8631d527c955ba83dddde099d"
/>,
                <h3>
                  Chuckie
</h3>,
                <h3>
                  WME
</h3>,
                <h3>
                  51
</h3>,
              ],
              "className": "table-row",
            },
            "ref": null,
            "rendered": Array [
              Object {
                "instance": null,
                "key": undefined,
                "nodeType": "host",
                "props": Object {
                  "alt": "artist",
                  "className": "artist-image",
                  "src": "https://i.scdn.co/image/1cbc13e4131461d8631d527c955ba83dddde099d",
                },
                "ref": null,
                "rendered": null,
                "type": "img",
              },
              Object {
                "instance": null,
                "key": undefined,
                "nodeType": "host",
                "props": Object {
                  "children": "Chuckie",
                },
                "ref": null,
                "rendered": "Chuckie",
                "type": "h3",
              },
              Object {
                "instance": null,
                "key": undefined,
                "nodeType": "host",
                "props": Object {
                  "children": "WME",
                },
                "ref": null,
                "rendered": "WME",
                "type": "h3",
              },
              Object {
                "instance": null,
                "key": undefined,
                "nodeType": "host",
                "props": Object {
                  "children": 51,
                },
                "ref": null,
                "rendered": 51,
                "type": "h3",
              },
            ],
            "type": "div",
          },
        ],
        "type": "div",
      },
    ],
    "type": "div",
  },
  Symbol(enzyme.__nodes__): Array [
    Object {
      "instance": null,
      "key": undefined,
      "nodeType": "host",
      "props": Object {
        "children": Array [
          <h2>
            Watchlist
</h2>,
          <div
            className="recent-table-headings"
>
            <h3>
                        Image
            </h3>
            <h3>
                        Artist
            </h3>
            <h3>
                        Agency
            </h3>
            <h3>
                        Popularity
            </h3>
</div>,
          <div
            className="offers-container"
>
            <div
                        className="table-row"
            >
                        <img
                                    alt="artist"
                                    className="artist-image"
                                    src="https://i.scdn.co/image/021f014a6809e5b7f1ef1c18bf247fd9ccacb193"
                        />
                        <h3>
                                    Alesso
                        </h3>
                        <h3>
                                    WME
                        </h3>
                        <h3>
                                    81
                        </h3>
            </div>
            <div
                        className="table-row"
            >
                        <img
                                    alt="artist"
                                    className="artist-image"
                                    src="https://i.scdn.co/image/8c0fbe0fb1c86825adeb18bf0a019a22827c4422"
                        />
                        <h3>
                                    Booka Shade
                        </h3>
                        <h3>
                                    WME
                        </h3>
                        <h3>
                                    51
                        </h3>
            </div>
            <div
                        className="table-row"
            >
                        <img
                                    alt="artist"
                                    className="artist-image"
                                    src="https://i.scdn.co/image/1cbc13e4131461d8631d527c955ba83dddde099d"
                        />
                        <h3>
                                    Chuckie
                        </h3>
                        <h3>
                                    WME
                        </h3>
                        <h3>
                                    51
                        </h3>
            </div>
</div>,
        ],
        "className": "watchlist",
      },
      "ref": null,
      "rendered": Array [
        Object {
          "instance": null,
          "key": undefined,
          "nodeType": "host",
          "props": Object {
            "children": "Watchlist",
          },
          "ref": null,
          "rendered": "Watchlist",
          "type": "h2",
        },
        Object {
          "instance": null,
          "key": undefined,
          "nodeType": "host",
          "props": Object {
            "children": Array [
              <h3>
                Image
</h3>,
              <h3>
                Artist
</h3>,
              <h3>
                Agency
</h3>,
              <h3>
                Popularity
</h3>,
            ],
            "className": "recent-table-headings",
          },
          "ref": null,
          "rendered": Array [
            Object {
              "instance": null,
              "key": undefined,
              "nodeType": "host",
              "props": Object {
                "children": "Image",
              },
              "ref": null,
              "rendered": "Image",
              "type": "h3",
            },
            Object {
              "instance": null,
              "key": undefined,
              "nodeType": "host",
              "props": Object {
                "children": "Artist",
              },
              "ref": null,
              "rendered": "Artist",
              "type": "h3",
            },
            Object {
              "instance": null,
              "key": undefined,
              "nodeType": "host",
              "props": Object {
                "children": "Agency",
              },
              "ref": null,
              "rendered": "Agency",
              "type": "h3",
            },
            Object {
              "instance": null,
              "key": undefined,
              "nodeType": "host",
              "props": Object {
                "children": "Popularity",
              },
              "ref": null,
              "rendered": "Popularity",
              "type": "h3",
            },
          ],
          "type": "div",
        },
        Object {
          "instance": null,
          "key": undefined,
          "nodeType": "host",
          "props": Object {
            "children": Array [
              <div
                className="table-row"
>
                <img
                                alt="artist"
                                className="artist-image"
                                src="https://i.scdn.co/image/021f014a6809e5b7f1ef1c18bf247fd9ccacb193"
                />
                <h3>
                                Alesso
                </h3>
                <h3>
                                WME
                </h3>
                <h3>
                                81
                </h3>
</div>,
              <div
                className="table-row"
>
                <img
                                alt="artist"
                                className="artist-image"
                                src="https://i.scdn.co/image/8c0fbe0fb1c86825adeb18bf0a019a22827c4422"
                />
                <h3>
                                Booka Shade
                </h3>
                <h3>
                                WME
                </h3>
                <h3>
                                51
                </h3>
</div>,
              <div
                className="table-row"
>
                <img
                                alt="artist"
                                className="artist-image"
                                src="https://i.scdn.co/image/1cbc13e4131461d8631d527c955ba83dddde099d"
                />
                <h3>
                                Chuckie
                </h3>
                <h3>
                                WME
                </h3>
                <h3>
                                51
                </h3>
</div>,
            ],
            "className": "offers-container",
          },
          "ref": null,
          "rendered": Array [
            Object {
              "instance": null,
              "key": "4",
              "nodeType": "host",
              "props": Object {
                "children": Array [
                  <img
                    alt="artist"
                    className="artist-image"
                    src="https://i.scdn.co/image/021f014a6809e5b7f1ef1c18bf247fd9ccacb193"
/>,
                  <h3>
                    Alesso
</h3>,
                  <h3>
                    WME
</h3>,
                  <h3>
                    81
</h3>,
                ],
                "className": "table-row",
              },
              "ref": null,
              "rendered": Array [
                Object {
                  "instance": null,
                  "key": undefined,
                  "nodeType": "host",
                  "props": Object {
                    "alt": "artist",
                    "className": "artist-image",
                    "src": "https://i.scdn.co/image/021f014a6809e5b7f1ef1c18bf247fd9ccacb193",
                  },
                  "ref": null,
                  "rendered": null,
                  "type": "img",
                },
                Object {
                  "instance": null,
                  "key": undefined,
                  "nodeType": "host",
                  "props": Object {
                    "children": "Alesso",
                  },
                  "ref": null,
                  "rendered": "Alesso",
                  "type": "h3",
                },
                Object {
                  "instance": null,
                  "key": undefined,
                  "nodeType": "host",
                  "props": Object {
                    "children": "WME",
                  },
                  "ref": null,
                  "rendered": "WME",
                  "type": "h3",
                },
                Object {
                  "instance": null,
                  "key": undefined,
                  "nodeType": "host",
                  "props": Object {
                    "children": 81,
                  },
                  "ref": null,
                  "rendered": 81,
                  "type": "h3",
                },
              ],
              "type": "div",
            },
            Object {
              "instance": null,
              "key": "18",
              "nodeType": "host",
              "props": Object {
                "children": Array [
                  <img
                    alt="artist"
                    className="artist-image"
                    src="https://i.scdn.co/image/8c0fbe0fb1c86825adeb18bf0a019a22827c4422"
/>,
                  <h3>
                    Booka Shade
</h3>,
                  <h3>
                    WME
</h3>,
                  <h3>
                    51
</h3>,
                ],
                "className": "table-row",
              },
              "ref": null,
              "rendered": Array [
                Object {
                  "instance": null,
                  "key": undefined,
                  "nodeType": "host",
                  "props": Object {
                    "alt": "artist",
                    "className": "artist-image",
                    "src": "https://i.scdn.co/image/8c0fbe0fb1c86825adeb18bf0a019a22827c4422",
                  },
                  "ref": null,
                  "rendered": null,
                  "type": "img",
                },
                Object {
                  "instance": null,
                  "key": undefined,
                  "nodeType": "host",
                  "props": Object {
                    "children": "Booka Shade",
                  },
                  "ref": null,
                  "rendered": "Booka Shade",
                  "type": "h3",
                },
                Object {
                  "instance": null,
                  "key": undefined,
                  "nodeType": "host",
                  "props": Object {
                    "children": "WME",
                  },
                  "ref": null,
                  "rendered": "WME",
                  "type": "h3",
                },
                Object {
                  "instance": null,
                  "key": undefined,
                  "nodeType": "host",
                  "props": Object {
                    "children": 51,
                  },
                  "ref": null,
                  "rendered": 51,
                  "type": "h3",
                },
              ],
              "type": "div",
            },
            Object {
              "instance": null,
              "key": "23",
              "nodeType": "host",
              "props": Object {
                "children": Array [
                  <img
                    alt="artist"
                    className="artist-image"
                    src="https://i.scdn.co/image/1cbc13e4131461d8631d527c955ba83dddde099d"
/>,
                  <h3>
                    Chuckie
</h3>,
                  <h3>
                    WME
</h3>,
                  <h3>
                    51
</h3>,
                ],
                "className": "table-row",
              },
              "ref": null,
              "rendered": Array [
                Object {
                  "instance": null,
                  "key": undefined,
                  "nodeType": "host",
                  "props": Object {
                    "alt": "artist",
                    "className": "artist-image",
                    "src": "https://i.scdn.co/image/1cbc13e4131461d8631d527c955ba83dddde099d",
                  },
                  "ref": null,
                  "rendered": null,
                  "type": "img",
                },
                Object {
                  "instance": null,
                  "key": undefined,
                  "nodeType": "host",
                  "props": Object {
                    "children": "Chuckie",
                  },
                  "ref": null,
                  "rendered": "Chuckie",
                  "type": "h3",
                },
                Object {
                  "instance": null,
                  "key": undefined,
                  "nodeType": "host",
                  "props": Object {
                    "children": "WME",
                  },
                  "ref": null,
                  "rendered": "WME",
                  "type": "h3",
                },
                Object {
                  "instance": null,
                  "key": undefined,
                  "nodeType": "host",
                  "props": Object {
                    "children": 51,
                  },
                  "ref": null,
                  "rendered": 51,
                  "type": "h3",
                },
              ],
              "type": "div",
            },
          ],
          "type": "div",
        },
      ],
      "type": "div",
    },
  ],
  Symbol(enzyme.__options__): Object {
    "adapter": ReactSixteenAdapter {
      "options": Object {
        "enableComponentDidUpdateOnSetState": true,
        "lifecycles": Object {
          "componentDidUpdate": Object {
            "onSetState": true,
          },
          "getDerivedStateFromProps": true,
          "getSnapshotBeforeUpdate": true,
          "setState": Object {
            "skipsComponentDidUpdateOnNullish": true,
          },
        },
      },
    },
  },
}
`;
