// Jest Snapshot v1, https://goo.gl/fbAQLP

exports[`ArtistTableHeader should match the snapshot 1`] = `
ShallowWrapper {
  Symbol(enzyme.__root__): [Circular],
  Symbol(enzyme.__unrendered__): <Unknown
    activeSort="mock"
    category="mock"
    name="mock"
    onClick={[Function]}
/>,
  Symbol(enzyme.__renderer__): Object {
    "batchedUpdates": [Function],
    "getNode": [Function],
    "render": [Function],
    "simulateError": [Function],
    "simulateEvent": [Function],
    "unmount": [Function],
  },
  Symbol(enzyme.__node__): Object {
    "instance": null,
    "key": undefined,
    "nodeType": "host",
    "props": Object {
      "children": "mock",
      "className": "header active",
      "name": "mock",
      "onClick": [Function],
      "style": Object {
        "cursor": "pointer",
      },
    },
    "ref": null,
    "rendered": "mock",
    "type": "h3",
  },
  Symbol(enzyme.__nodes__): Array [
    Object {
      "instance": null,
      "key": undefined,
      "nodeType": "host",
      "props": Object {
        "children": "mock",
        "className": "header active",
        "name": "mock",
        "onClick": [Function],
        "style": Object {
          "cursor": "pointer",
        },
      },
      "ref": null,
      "rendered": "mock",
      "type": "h3",
    },
  ],
  Symbol(enzyme.__options__): Object {
    "adapter": ReactSixteenAdapter {
      "options": Object {
        "enableComponentDidUpdateOnSetState": true,
        "lifecycles": Object {
          "componentDidUpdate": Object {
            "onSetState": true,
          },
          "getDerivedStateFromProps": true,
          "getSnapshotBeforeUpdate": true,
          "setState": Object {
            "skipsComponentDidUpdateOnNullish": true,
          },
        },
      },
    },
  },
}
`;
