// Jest Snapshot v1, https://goo.gl/fbAQLP

exports[`Splash component should match the snapshot 1`] = `
ShallowWrapper {
  Symbol(enzyme.__root__): [Circular],
  Symbol(enzyme.__unrendered__): <Splash
    openLogInModal={[Function]}
    openSignUpModal={[Function]}
/>,
  Symbol(enzyme.__renderer__): Object {
    "batchedUpdates": [Function],
    "getNode": [Function],
    "render": [Function],
    "simulateError": [Function],
    "simulateEvent": [Function],
    "unmount": [Function],
  },
  Symbol(enzyme.__node__): Object {
    "instance": null,
    "key": undefined,
    "nodeType": "host",
    "props": Object {
      "children": Array [
        <p>
          Talent Buyer is the fastest and easist way for music talent buyers to browse artists and filter by agency, popularity, and genre. Artists can be saved to a watchlist for quick reference later. Buyers can easily build, edit, and download offers and keep track of the calendar for their venues.
</p>,
        <section
          className="buttons"
>
          <Unknown
                    onClick={[Function]}
          >
                    Sign Up
          </Unknown>
          <Unknown
                    onClick={[Function]}
          >
                    Log In
          </Unknown>
</section>,
      ],
      "className": "splash",
    },
    "ref": null,
    "rendered": Array [
      Object {
        "instance": null,
        "key": undefined,
        "nodeType": "host",
        "props": Object {
          "children": "Talent Buyer is the fastest and easist way for music talent buyers to browse artists and filter by agency, popularity, and genre. Artists can be saved to a watchlist for quick reference later. Buyers can easily build, edit, and download offers and keep track of the calendar for their venues.",
        },
        "ref": null,
        "rendered": "Talent Buyer is the fastest and easist way for music talent buyers to browse artists and filter by agency, popularity, and genre. Artists can be saved to a watchlist for quick reference later. Buyers can easily build, edit, and download offers and keep track of the calendar for their venues.",
        "type": "p",
      },
      Object {
        "instance": null,
        "key": undefined,
        "nodeType": "host",
        "props": Object {
          "children": Array [
            <Unknown
              onClick={[Function]}
>
              Sign Up
</Unknown>,
            <Unknown
              onClick={[Function]}
>
              Log In
</Unknown>,
          ],
          "className": "buttons",
        },
        "ref": null,
        "rendered": Array [
          Object {
            "instance": null,
            "key": undefined,
            "nodeType": "function",
            "props": Object {
              "children": "Sign Up",
              "onClick": [Function],
            },
            "ref": null,
            "rendered": "Sign Up",
            "type": Object {
              "$$typeof": Symbol(react.forward_ref),
              "attrs": undefined,
              "componentStyle": ComponentStyle {
                "componentId": "sc-bdVaJa",
                "isStatic": true,
                "rules": Array [
                  "
  width: 40%;
  padding: 10px 20px;
  margin-top: 2rem;
  border: none;
  border-radius: 5px;
  font-size: 1.2rem;
  background-color: #d52f7f;
  color: #fff;
  cursor: pointer;
  -webkit-box-shadow: 10px 10px 57px -16px rgba(0, 0, 0, 0.75);
  -moz-box-shadow: 10px 10px 57px -16px rgba(0, 0, 0, 0.75);
  box-shadow: 10px 10px 57px -16px rgba(0, 0, 0, 0.75);
",
                ],
              },
              "displayName": "styled.button",
              "render": [Function],
              "styledComponentId": "sc-bdVaJa",
              "target": "button",
              "toString": [Function],
              "warnTooManyClasses": [Function],
              "withComponent": [Function],
            },
          },
          Object {
            "instance": null,
            "key": undefined,
            "nodeType": "function",
            "props": Object {
              "children": "Log In",
              "onClick": [Function],
            },
            "ref": null,
            "rendered": "Log In",
            "type": Object {
              "$$typeof": Symbol(react.forward_ref),
              "attrs": undefined,
              "componentStyle": ComponentStyle {
                "componentId": "sc-bdVaJa",
                "isStatic": true,
                "rules": Array [
                  "
  width: 40%;
  padding: 10px 20px;
  margin-top: 2rem;
  border: none;
  border-radius: 5px;
  font-size: 1.2rem;
  background-color: #d52f7f;
  color: #fff;
  cursor: pointer;
  -webkit-box-shadow: 10px 10px 57px -16px rgba(0, 0, 0, 0.75);
  -moz-box-shadow: 10px 10px 57px -16px rgba(0, 0, 0, 0.75);
  box-shadow: 10px 10px 57px -16px rgba(0, 0, 0, 0.75);
",
                ],
              },
              "displayName": "styled.button",
              "render": [Function],
              "styledComponentId": "sc-bdVaJa",
              "target": "button",
              "toString": [Function],
              "warnTooManyClasses": [Function],
              "withComponent": [Function],
            },
          },
        ],
        "type": "section",
      },
    ],
    "type": "div",
  },
  Symbol(enzyme.__nodes__): Array [
    Object {
      "instance": null,
      "key": undefined,
      "nodeType": "host",
      "props": Object {
        "children": Array [
          <p>
            Talent Buyer is the fastest and easist way for music talent buyers to browse artists and filter by agency, popularity, and genre. Artists can be saved to a watchlist for quick reference later. Buyers can easily build, edit, and download offers and keep track of the calendar for their venues.
</p>,
          <section
            className="buttons"
>
            <Unknown
                        onClick={[Function]}
            >
                        Sign Up
            </Unknown>
            <Unknown
                        onClick={[Function]}
            >
                        Log In
            </Unknown>
</section>,
        ],
        "className": "splash",
      },
      "ref": null,
      "rendered": Array [
        Object {
          "instance": null,
          "key": undefined,
          "nodeType": "host",
          "props": Object {
            "children": "Talent Buyer is the fastest and easist way for music talent buyers to browse artists and filter by agency, popularity, and genre. Artists can be saved to a watchlist for quick reference later. Buyers can easily build, edit, and download offers and keep track of the calendar for their venues.",
          },
          "ref": null,
          "rendered": "Talent Buyer is the fastest and easist way for music talent buyers to browse artists and filter by agency, popularity, and genre. Artists can be saved to a watchlist for quick reference later. Buyers can easily build, edit, and download offers and keep track of the calendar for their venues.",
          "type": "p",
        },
        Object {
          "instance": null,
          "key": undefined,
          "nodeType": "host",
          "props": Object {
            "children": Array [
              <Unknown
                onClick={[Function]}
>
                Sign Up
</Unknown>,
              <Unknown
                onClick={[Function]}
>
                Log In
</Unknown>,
            ],
            "className": "buttons",
          },
          "ref": null,
          "rendered": Array [
            Object {
              "instance": null,
              "key": undefined,
              "nodeType": "function",
              "props": Object {
                "children": "Sign Up",
                "onClick": [Function],
              },
              "ref": null,
              "rendered": "Sign Up",
              "type": Object {
                "$$typeof": Symbol(react.forward_ref),
                "attrs": undefined,
                "componentStyle": ComponentStyle {
                  "componentId": "sc-bdVaJa",
                  "isStatic": true,
                  "rules": Array [
                    "
  width: 40%;
  padding: 10px 20px;
  margin-top: 2rem;
  border: none;
  border-radius: 5px;
  font-size: 1.2rem;
  background-color: #d52f7f;
  color: #fff;
  cursor: pointer;
  -webkit-box-shadow: 10px 10px 57px -16px rgba(0, 0, 0, 0.75);
  -moz-box-shadow: 10px 10px 57px -16px rgba(0, 0, 0, 0.75);
  box-shadow: 10px 10px 57px -16px rgba(0, 0, 0, 0.75);
",
                  ],
                },
                "displayName": "styled.button",
                "render": [Function],
                "styledComponentId": "sc-bdVaJa",
                "target": "button",
                "toString": [Function],
                "warnTooManyClasses": [Function],
                "withComponent": [Function],
              },
            },
            Object {
              "instance": null,
              "key": undefined,
              "nodeType": "function",
              "props": Object {
                "children": "Log In",
                "onClick": [Function],
              },
              "ref": null,
              "rendered": "Log In",
              "type": Object {
                "$$typeof": Symbol(react.forward_ref),
                "attrs": undefined,
                "componentStyle": ComponentStyle {
                  "componentId": "sc-bdVaJa",
                  "isStatic": true,
                  "rules": Array [
                    "
  width: 40%;
  padding: 10px 20px;
  margin-top: 2rem;
  border: none;
  border-radius: 5px;
  font-size: 1.2rem;
  background-color: #d52f7f;
  color: #fff;
  cursor: pointer;
  -webkit-box-shadow: 10px 10px 57px -16px rgba(0, 0, 0, 0.75);
  -moz-box-shadow: 10px 10px 57px -16px rgba(0, 0, 0, 0.75);
  box-shadow: 10px 10px 57px -16px rgba(0, 0, 0, 0.75);
",
                  ],
                },
                "displayName": "styled.button",
                "render": [Function],
                "styledComponentId": "sc-bdVaJa",
                "target": "button",
                "toString": [Function],
                "warnTooManyClasses": [Function],
                "withComponent": [Function],
              },
            },
          ],
          "type": "section",
        },
      ],
      "type": "div",
    },
  ],
  Symbol(enzyme.__options__): Object {
    "adapter": ReactSixteenAdapter {
      "options": Object {
        "enableComponentDidUpdateOnSetState": true,
        "lifecycles": Object {
          "componentDidUpdate": Object {
            "onSetState": true,
          },
          "getDerivedStateFromProps": true,
          "getSnapshotBeforeUpdate": true,
          "setState": Object {
            "skipsComponentDidUpdateOnNullish": true,
          },
        },
      },
    },
  },
}
`;
