// Jest Snapshot v1, https://goo.gl/fbAQLP

exports[`Dashboard component should match the snapshot 1`] = `
ShallowWrapper {
  Symbol(enzyme.__root__): [Circular],
  Symbol(enzyme.__unrendered__): <Dashboard />,
  Symbol(enzyme.__renderer__): Object {
    "batchedUpdates": [Function],
    "getNode": [Function],
    "render": [Function],
    "simulateError": [Function],
    "simulateEvent": [Function],
    "unmount": [Function],
  },
  Symbol(enzyme.__node__): Object {
    "instance": null,
    "key": undefined,
    "nodeType": "host",
    "props": Object {
      "children": Array [
        <Nav />,
        <Calendar
          maxDetail="month"
          minDetail="century"
          onChange={[Function]}
          returnValue="start"
          showNavigation={true}
          showNeighboringMonth={true}
          value={2018-10-28T17:22:19.431Z}
          view="month"
/>,
      ],
      "className": "dashboard",
    },
    "ref": null,
    "rendered": Array [
      Object {
        "instance": null,
        "key": undefined,
        "nodeType": "class",
        "props": Object {},
        "ref": null,
        "rendered": null,
        "type": [Function],
      },
      Object {
        "instance": null,
        "key": undefined,
        "nodeType": "class",
        "props": Object {
          "maxDetail": "month",
          "minDetail": "century",
          "onChange": [Function],
          "returnValue": "start",
          "showNavigation": true,
          "showNeighboringMonth": true,
          "value": 2018-10-28T17:22:19.431Z,
          "view": "month",
        },
        "ref": null,
        "rendered": null,
        "type": [Function],
      },
    ],
    "type": "div",
  },
  Symbol(enzyme.__nodes__): Array [
    Object {
      "instance": null,
      "key": undefined,
      "nodeType": "host",
      "props": Object {
        "children": Array [
          <Nav />,
          <Calendar
            maxDetail="month"
            minDetail="century"
            onChange={[Function]}
            returnValue="start"
            showNavigation={true}
            showNeighboringMonth={true}
            value={2018-10-28T17:22:19.431Z}
            view="month"
/>,
        ],
        "className": "dashboard",
      },
      "ref": null,
      "rendered": Array [
        Object {
          "instance": null,
          "key": undefined,
          "nodeType": "class",
          "props": Object {},
          "ref": null,
          "rendered": null,
          "type": [Function],
        },
        Object {
          "instance": null,
          "key": undefined,
          "nodeType": "class",
          "props": Object {
            "maxDetail": "month",
            "minDetail": "century",
            "onChange": [Function],
            "returnValue": "start",
            "showNavigation": true,
            "showNeighboringMonth": true,
            "value": 2018-10-28T17:22:19.431Z,
            "view": "month",
          },
          "ref": null,
          "rendered": null,
          "type": [Function],
        },
      ],
      "type": "div",
    },
  ],
  Symbol(enzyme.__options__): Object {
    "adapter": ReactSixteenAdapter {
      "options": Object {
        "enableComponentDidUpdateOnSetState": true,
        "lifecycles": Object {
          "componentDidUpdate": Object {
            "onSetState": true,
          },
          "getDerivedStateFromProps": true,
          "getSnapshotBeforeUpdate": true,
          "setState": Object {
            "skipsComponentDidUpdateOnNullish": true,
          },
        },
      },
    },
  },
}
`;
